// Jest Snapshot v1, https://goo.gl/fbAQLP

exports[`Pill should match a snapshot 1`] = `
.c0 {
  background-color: #FFFFFF;
  border-radius: 1.2rem;
  box-shadow: 0 0.2rem 0.7rem rgba(0,0,0,0.1);
  color: #2F80ED;
  display: block;
  font-size: 1.4rem;
  font-weight: 400;
  -webkit-letter-spacing: 0.04rem;
  -moz-letter-spacing: 0.04rem;
  -ms-letter-spacing: 0.04rem;
  letter-spacing: 0.04rem;
  line-height: 1.1;
  margin-bottom: 1.6rem;
  padding: 1.6rem;
  -webkit-text-decoration: none;
  text-decoration: none;
  width: 100%;
}

<div>
  <div
    class="c0"
  >
    hello
  </div>
</div>
`;
