// Jest Snapshot v1, https://goo.gl/fbAQLP

exports[`SVGIcon should match a snapshot 1`] = `
.c0 {
  display: block;
  height: 100%;
  width: 100%;
}

<div>
  <svg
    class="c0"
    xmlns="http://www.w3.org/2000/svg"
  >
    hello
  </svg>
</div>
`;
